  XXXXXXXXXXXXXX
  XXXXXXXXXXXXXX
        XX      
        XX      
        XX      
  XXXXXXXXXXXXXX
  XXXXXXXXXXXXXX
                
