[<3, hf>, <1, hf>, <4, hf>, <4, hf>, <2, hf>, <1, hf>, <1, wh>]
