BUBBLE SORT
[<0, qr>, <4, qr>, <1, qr>, <1, qr>, <0, qr>, <2, qr>, <3, qr>, <1, qr>, <4, qr>, <1, qr>, <0, qr>, <2, qr>, <3, qr>, <1, qr>, <1, qr>, <4, qr>, <0, qr>, <2, qr>, <3, qr>, <1, qr>, <1, qr>, <0, qr>, <4, qr>, <2, qr>, <3, qr>, <1, qr>, <1, qr>, <0, qr>, <2, qr>, <4, qr>, <3, qr>, <1, qr>, <1, qr>, <0, qr>, <2, qr>, <3, qr>, <4, qr>, <1, qr>, <1, qr>, <0, qr>, <2, qr>, <3, qr>, <4, qr>, <1, qr>, <0, qr>, <1, qr>, <2, qr>, <3, qr>, <4, qr>, <0, qr>, <1, qr>, <1, qr>, <2, qr>, <3, qr>, <4, qr>, <0, qr>, <1, qr>, <1, qr>, <2, qr>, <3, qr>, <4, qr>]
[10, 11, 26, 32, 43, 54]
finished creating demo/bubble.mid!
SELECTION SORT
[54, 26, 11, 10, 32, 43]
[10, 26, 11, 54, 32, 43]
[10, 11, 26, 54, 32, 43]
[10, 11, 26, 54, 32, 43]
[10, 11, 26, 32, 54, 43]
[10, 11, 26, 32, 43, 54]
[<0, qr>, <4, qr>, <1, qr>, <1, qr>, <0, qr>, <2, qr>, <3, qr>, <0, qr>, <1, qr>, <1, qr>, <4, qr>, <2, qr>, <3, qr>, <0, qr>, <1, qr>, <1, qr>, <4, qr>, <2, qr>, <3, qr>, <0, qr>, <1, qr>, <1, qr>, <4, qr>, <2, qr>, <3, qr>, <0, qr>, <1, qr>, <1, qr>, <2, qr>, <4, qr>, <3, qr>, <0, qr>, <1, qr>, <1, qr>, <2, qr>, <3, qr>, <4, qr>, <0, qr>, <1, qr>, <1, qr>, <2, qr>, <3, qr>, <4, qr>]
[10, 11, 26, 32, 43, 54]
finished creating demo/selection.mid!
