[<1, wh>, <5, wh>, <4, wh>]
[<1, wh>, <5, wh>, <4, wh>, <2, hf>]
